---
source: tests/integration/stats_unit.rs
assertion_line: 264
expression: minimal_human_output
---
"Stats powered by [Git AI](https://github.com/git-ai-project/git-ai)\n\n```text\n🧠 you    █░░░░░░░░░░░░░░░░░░░  2%\n🤖 ai     ░███████████████████  93%\n```\n\n<details>\n<summary>More stats</summary>\n\n- 1.1 lines generated for every 1 accepted\n- 30 seconds waiting for AI \n\n</details>"
